// Jest Snapshot v1, https://goo.gl/fbAQLP

exports[`<MoviesList/> renders correctly 1`] = `
Array [
  <div
    className="catalog__movies-list"
  >
    <article
      className="small-movie-card catalog__movies-card"
      onMouseEnter={[Function]}
    >
      <div
        className="small-movie-card__image"
        onClick={[Function]}
      >
        <img
          alt=""
          height="175"
          src=""
          width="280"
        />
      </div>
      <h3
        className="small-movie-card__title"
        onClick={[Function]}
      >
        <a
          className="small-movie-card__link"
          href=""
        >
          
        </a>
      </h3>
    </article>
  </div>,
  <div
    className="catalog__more"
  >
    <button
      className="catalog__button"
      type="button"
    >
      Show more
    </button>
  </div>,
]
`;
