// Jest Snapshot v1, https://goo.gl/fbAQLP

exports[`<MovieDetails /> renders correctly 1`] = `
Array [
  <section
    className="movie-card movie-card--full"
  >
    <div
      className="movie-card__hero"
    >
      <div
        className="movie-card__bg"
      >
        <img
          alt="The Grand Budapest Hotel"
          src=""
        />
      </div>
      <h1
        className="visually-hidden"
      >
        WTW
      </h1>
      <header
        className="page-header movie-card__head"
      >
        <div
          className="logo"
        >
          <a
            className="logo__link"
            href="main.html"
          >
            <span
              className="logo__letter logo__letter--1"
            >
              W
            </span>
            <span
              className="logo__letter logo__letter--2"
            >
              T
            </span>
            <span
              className="logo__letter logo__letter--3"
            >
              W
            </span>
          </a>
        </div>
        <div
          className="user-block"
        >
          <div
            className="user-block__avatar"
          >
            <img
              alt="User avatar"
              height="63"
              src="img/avatar.jpg"
              width="63"
            />
          </div>
        </div>
      </header>
      <div
        className="movie-card__wrap"
      >
        <div
          className="movie-card__desc"
        >
          <h2
            className="movie-card__title"
          >
            
          </h2>
          <p
            className="movie-card__meta"
          >
            <span
              className="movie-card__genre"
            >
              
            </span>
            <span
              className="movie-card__year"
            >
              0
            </span>
          </p>
          <div
            className="movie-card__buttons"
          >
            <button
              className="btn btn--play movie-card__button"
              type="button"
            >
              <svg
                height="20"
                viewBox="0 0 19 20"
                width="19"
              >
                <use
                  xlinkHref="#add"
                />
              </svg>
              <span>
                Play
              </span>
            </button>
            <button
              className="btn btn--list movie-card__button"
              type="button"
            >
              <svg
                height="20"
                viewBox="0 0 19 20"
                width="19"
              >
                <use
                  xlinkHref="#add"
                />
              </svg>
              <span>
                My list
              </span>
            </button>
            <a
              className="btn movie-card__button"
              href="add-review.html"
            >
              Add review
            </a>
          </div>
        </div>
      </div>
    </div>
    <div
      className="movie-card__wrap movie-card__translate-top"
    >
      <div
        className="movie-card__info"
      >
        <div
          className="movie-card__poster movie-card__poster--big"
        >
          <img
            alt=" poster"
            height="327"
            src=""
            width="218"
          />
        </div>
        <div
          className="movie-card__desc"
        >
          <nav
            className="movie-nav movie-card__nav"
          >
            <ul
              className="movie-nav__list"
            >
              <li
                className="movie-nav__item movie-nav__item--active"
              >
                <a
                  className="movie-nav__link"
                  href="#"
                >
                  Overview
                </a>
              </li>
              <li
                className="movie-nav__item"
              >
                <a
                  className="movie-nav__link"
                  href="#"
                >
                  Details
                </a>
              </li>
              <li
                className="movie-nav__item"
              >
                <a
                  className="movie-nav__link"
                  href="#"
                >
                  Reviews
                </a>
              </li>
            </ul>
          </nav>
          <div
            className="movie-rating"
          >
            <div
              className="movie-rating__score"
            >
              0
            </div>
            <p
              className="movie-rating__meta"
            >
              <span
                className="movie-rating__level"
              >
                Very good
              </span>
              <span
                className="movie-rating__count"
              >
                240 ratings
              </span>
            </p>
          </div>
          <div
            className="movie-card__text"
          >
            <p>
              
            </p>
            <p
              className="movie-card__director"
            >
              <strong>
                Director: 
                
              </strong>
            </p>
            <p
              className="movie-card__starring"
            >
              <strong>
                Starring: 
                
              </strong>
            </p>
          </div>
        </div>
      </div>
    </div>
  </section>,
  <div
    className="page-content"
  >
    <section
      className="catalog catalog--like-this"
    >
      <h2
        className="catalog__title"
      >
        More like this
      </h2>
      <div
        className="catalog__movies-list"
      >
        <article
          className="small-movie-card catalog__movies-card"
          onMouseEnter={[Function]}
        >
          <div
            className="small-movie-card__image"
            onClick={[Function]}
          >
            <img
              alt=""
              height="175"
              src=""
              width="280"
            />
          </div>
          <h3
            className="small-movie-card__title"
            onClick={[Function]}
          >
            <a
              className="small-movie-card__link"
              href=""
            >
              
            </a>
          </h3>
        </article>
      </div>
      <div
        className="catalog__more"
      >
        <button
          className="catalog__button"
          type="button"
        >
          Show more
        </button>
      </div>
    </section>
    <footer
      className="page-footer"
    >
      <div
        className="logo"
      >
        <a
          className="logo__link logo__link--light"
          href="main.html"
        >
          <span
            className="logo__letter logo__letter--1"
          >
            W
          </span>
          <span
            className="logo__letter logo__letter--2"
          >
            T
          </span>
          <span
            className="logo__letter logo__letter--3"
          >
            W
          </span>
        </a>
      </div>
      <div
        className="copyright"
      >
        <p>
          Â© 2019-
          2020
           What to watch Ltd.
        </p>
      </div>
    </footer>
  </div>,
]
`;
